iter	0
group	train
example	0
log.note	
exec.memory	1.2G
exec.time	4.9s
exec.errors	0
exec.warnings	2
train.correct.count	1.0
train.correct.mean	0.0
train.correct.max	0.0
train.oracle.count	1.0
train.oracle.mean	0.0
train.oracle.max	0.0
train.partCorrect.count	1.0
train.partCorrect.mean	0.0
train.partCorrect.max	0.0
train.partOracle.count	1.0
train.partOracle.mean	0.0
train.partOracle.max	0.0
train.parsed.count	1.0
train.parsed.mean	1.0
train.parsed.max	1.0
train.numCandidates.count	1.0
train.numCandidates.mean	629.0
train.numCandidates.max	629.0
train.parsedNumCandidates.count	1.0
train.parsedNumCandidates.mean	629.0
train.parsedNumCandidates.max	629.0
train.timeout.count	1.0
train.timeout.mean	0.0
train.timeout.max	0.0
train.numTokens.count	1.0
train.numTokens.mean	1.0
train.numTokens.max	1.0
train.parseTime.count	1.0
train.parseTime.mean	4799.0
train.parseTime.max	4799.0
train.maxCellSize.count	1.0
train.maxCellSize.mean	591.0
train.maxCellSize.max	591.0
train.fallOffBeam.count	1.0
train.fallOffBeam.mean	0.0
train.fallOffBeam.max	0.0
train.totalDerivs.count	1.0
train.totalDerivs.mean	0.0
train.totalDerivs.max	0.0
train.numOfFeaturizedDerivs.count	1.0
train.numOfFeaturizedDerivs.mean	45402.0
train.numOfFeaturizedDerivs.max	45402.0
train.numCells.count	1.0
train.numCells.mean	570.0
train.numCells.max	570.0
iter=0-train.correct.count	1.0
iter=0-train.correct.mean	0.0
iter=0-train.correct.max	0.0
iter=0-train.oracle.count	1.0
iter=0-train.oracle.mean	0.0
iter=0-train.oracle.max	0.0
iter=0-train.partCorrect.count	1.0
iter=0-train.partCorrect.mean	0.0
iter=0-train.partCorrect.max	0.0
iter=0-train.partOracle.count	1.0
iter=0-train.partOracle.mean	0.0
iter=0-train.partOracle.max	0.0
iter=0-train.parsed.count	1.0
iter=0-train.parsed.mean	1.0
iter=0-train.parsed.max	1.0
iter=0-train.numCandidates.count	1.0
iter=0-train.numCandidates.mean	629.0
iter=0-train.numCandidates.max	629.0
iter=0-train.parsedNumCandidates.count	1.0
iter=0-train.parsedNumCandidates.mean	629.0
iter=0-train.parsedNumCandidates.max	629.0
iter=0-train.timeout.count	1.0
iter=0-train.timeout.mean	0.0
iter=0-train.timeout.max	0.0
iter=0-train.numTokens.count	1.0
iter=0-train.numTokens.mean	1.0
iter=0-train.numTokens.max	1.0
iter=0-train.parseTime.count	1.0
iter=0-train.parseTime.mean	4799.0
iter=0-train.parseTime.max	4799.0
iter=0-train.maxCellSize.count	1.0
iter=0-train.maxCellSize.mean	591.0
iter=0-train.maxCellSize.max	591.0
iter=0-train.fallOffBeam.count	1.0
iter=0-train.fallOffBeam.mean	0.0
iter=0-train.fallOffBeam.max	0.0
iter=0-train.totalDerivs.count	1.0
iter=0-train.totalDerivs.mean	0.0
iter=0-train.totalDerivs.max	0.0
iter=0-train.numOfFeaturizedDerivs.count	1.0
iter=0-train.numOfFeaturizedDerivs.mean	45402.0
iter=0-train.numOfFeaturizedDerivs.max	45402.0
iter=0-train.numCells.count	1.0
iter=0-train.numCells.mean	570.0
iter=0-train.numCells.max	570.0
exec.disk	1.1M
exec.status	done
